// Jest Snapshot v1, https://goo.gl/fbAQLP

exports[`healingWeapon should increase damage with chance 1`] = `
"*quisquam* вонзил _Лечащий посох_ в *corporis* и нанёс *4.9* урона
\\[ corporis 💥 💔-4.9/3.1 📖39 ]
*quisquam* вонзил _Лечащий посох_ в *corporis* и нанёс *5.01* урона
\\[ corporis 💥 💔-5.01/-1.91 📖40 ]

_Навык владения лечащим оружием_ *quisquam*"
`;
