// Jest Snapshot v1, https://goo.gl/fbAQLP

exports[`thrustWeapon should hit through dodge 1`] = `
"*corporis* использовал _🐍 Увертка_

*quisquam* пытался атаковать *corporis*, но у него не получилось
_🐍 Увертка_ *corporis*: 📖50
*quisquam* вонзил _Стилет_ в *corporis* и нанёс *7.7* урона
\\[ corporis 💥 💔-7.7/0.3 📖62 ]

_Навык владения колющим оружием_ *quisquam*"
`;
