// Jest Snapshot v1, https://goo.gl/fbAQLP

exports[`protect should be stopped by attack 1`] = `
"*quisquam* —Ä—É–±–∞–Ω—É–ª *corporis* _–≠–ø–∏—á–µ—Å–∫–∏–º –ú–µ—á–æ–º_ –∏ –Ω–∞–Ω—ë—Å *11.7* —É—Ä–æ–Ω–∞
\\[ üíî-11.7/-3.7 üìñ94 ]
*corporis* –ø—ã—Ç–∞–ª—Å—è –∏—Å–ø–æ–ª—å–∑–æ–≤–∞—Ç—å _–õ–µ—á–µ–Ω–∏–µ —Ä—É–∫–∞–º–∏_ –Ω–∞ *corporis*, –Ω–æ —É –Ω–µ–≥–æ –Ω–µ –ø–æ–ª—É—á–∏–ª–æ—Å—å
_–ê—Ç–∞–∫–∞_ *corporis*"
`;
