// Jest Snapshot v1, https://goo.gl/fbAQLP

exports[`protect should not get exp if protect enemy 1`] = `
"*corporis* –ø—ã—Ç–∞–ª—Å—è –∞—Ç–∞–∫–æ–≤–∞—Ç—å *quisquam*, –Ω–æ —É –Ω–µ–≥–æ –Ω–µ –ø–æ–ª—É—á–∏–ª–æ—Å—å
_–ó–∞—â–∏—Ç–∞_ *quisquam*: üìñ163,*corporis*: üìñ0"
`;

exports[`protect should protect player 1`] = `
"*corporis* –ø—ã—Ç–∞–ª—Å—è –∞—Ç–∞–∫–æ–≤–∞—Ç—å *quisquam*, –Ω–æ —É –Ω–µ–≥–æ –Ω–µ –ø–æ–ª—É—á–∏–ª–æ—Å—å
_–ó–∞—â–∏—Ç–∞_ *quisquam*: üìñ220"
`;
