// Jest Snapshot v1, https://goo.gl/fbAQLP

exports[`staticProtect should passively block if target has a lot of pdef 1`] = `
"*quisquam* пытался атаковать *corporis*, но у него не получилось
_Статичная защита_ *corporis*
*quisquam* рубанул *corporis* _Эпическим Мечом_ и нанёс *11.7* урона
\\[ corporis 💥 💔-11.7/-3.7 📖94 ]
*quisquam* рубанул *corporis* _Эпическим Мечом_ и нанёс *11.7* урона
\\[ corporis 💥 💔-11.7/-15.4 📖94 ]
*quisquam* рубанул *corporis* _Эпическим Мечом_ и нанёс *11.7* урона
\\[ corporis 💥 💔-11.7/-27.1 📖94 ]"
`;
