// Jest Snapshot v1, https://goo.gl/fbAQLP

exports[`BattleLog should format dmg-magic messages 1`] = `
[
  "*Player 1* —Å–æ—Ç–≤–æ—Ä–∏–ª _Dmg Magic_ –Ω–∞ *Player 2* –Ω–∞–Ω–µ—Å—è 10 —É—Ä–æ–Ω–∞
\\[ ‚ò£ üíî-10/90 üìñ25 ]",
  "*Player 1* –ø—ã—Ç–∞–ª—Å—è –∏—Å–ø–æ–ª—å–∑–æ–≤–∞—Ç—å _Phys_ –Ω–∞ *Player 2, –Ω–æ –Ω–µ —Ö–≤–∞—Ç–∏–ª–æ –º–∞–Ω—ã",
]
`;

exports[`BattleLog should format heal messages with rigth order 1`] = `
[
  "–ò–≥—Ä–æ–∫ *Player 2* –±—ã–ª –≤—ã–ª–µ—á–µ–Ω ü§≤ –Ω–∞ *üíñ20*
\\[ Player 1: üíñ10/110 üìñ10, Player 3: üíñ10/110 üìñ10 ]",
  "*Player 1* –ø—ã—Ç–∞–ª—Å—è —Å–æ—Ç–≤–æ—Ä–∏—Ç—å _Heal_, –Ω–æ –ø–æ–ø—ã—Ç–∫–∞ –ø—Ä–æ–≤–∞–ª–∏–ª–∞—Å—å (–±–µ–∑–º–æ–ª–≤–∏–µ)",
]
`;

exports[`BattleLog should format heal-magic messages 1`] = `
[
  "*Player 1* –∏—Å–ø–æ–ª—å–∑–æ–≤–∞–ª _Heal Magic_ –Ω–∞ *Player 2*
\\[ ‚ù§Ô∏è+10/110 üìñ10 ]",
  "*Player 1* –ø—ã—Ç–∞–ª—Å—è —Å–æ—Ç–≤–æ—Ä–∏—Ç—å _Heal Magic_, –Ω–æ –ø–æ–ø—ã—Ç–∫–∞ –ø—Ä–æ–≤–∞–ª–∏–ª–∞—Å—å (–±–µ–∑–º–æ–ª–≤–∏–µ)",
]
`;

exports[`BattleLog should format long dmg magic messages with rigth order 1`] = `
[
  "*Player 2* —Å–æ—Ç–≤–æ—Ä–∏–ª _Magic 1_ –Ω–∞ *Player 1* –Ω–∞–Ω–µ—Å—è 25 —É—Ä–æ–Ω–∞
\\[  üíî-25/75 üìñ25 ]",
  "*Player 1* —Å–æ—Ç–≤–æ—Ä–∏–ª _Magic 1_ –Ω–∞ *Player 2* –Ω–∞–Ω–µ—Å—è 50 —É—Ä–æ–Ω–∞
\\[  üíî-50/50 üìñ50 ]",
  "*Player 1* —Å–æ—Ç–≤–æ—Ä–∏–ª _Magic 2_ –Ω–∞ *Player 2* –Ω–∞–Ω–µ—Å—è 25 —É—Ä–æ–Ω–∞
\\[  üíî-25/25 üìñ25 ]",
  "*Player 2* —Å–æ—Ç–≤–æ—Ä–∏–ª _Magic 2_ –Ω–∞ *Player 1* –Ω–∞–Ω–µ—Å—è 25 —É—Ä–æ–Ω–∞
\\[  üíî-25/50 üìñ25 ]",
]
`;

exports[`BattleLog should format long magic messages with rigth order 1`] = `
[
  "*Player 2* –∏—Å–ø–æ–ª—å–∑–æ–≤–∞–ª _Magic 1_ –Ω–∞ *Player 1*
\\[ üìñ25 ]",
  "*Player 1* –∏—Å–ø–æ–ª—å–∑–æ–≤–∞–ª _Magic 1_ –Ω–∞ *Player 2*
\\[ üìñ50 ]",
  "*Player 1* –∏—Å–ø–æ–ª—å–∑–æ–≤–∞–ª _Magic 2_ –Ω–∞ *Player 2*
\\[ üìñ25 ]",
  "*Player 2* –∏—Å–ø–æ–ª—å–∑–æ–≤–∞–ª _Magic 2_ –Ω–∞ *Player 1*
\\[ üìñ25 ]",
]
`;

exports[`BattleLog should format magic messages 1`] = `
[
  "*Player 1* –∏—Å–ø–æ–ª—å–∑–æ–≤–∞–≤ _Magic_ –Ω–∞ *Player 2*
\\[ üìñ25 ]",
  "*Player 1* –∏—Å–ø–æ–ª—å–∑–æ–≤–∞–≤ _Magic_ –Ω–∞ *Player 2* —Å —ç—Ñ—Ñ–µ–∫—Ç–æ–º 10
\\[ üìñ25 ]",
  "–ó–∞–∫–ª–∏–Ω–∞–Ω–∏–µ _Magic_ *Player 1* –ø—Ä–æ–≤–∞–ª–∏–ª–æ—Å—å –ø–æ –≤–æ–ª–µ –±–æ–≥–æ–≤",
]
`;

exports[`BattleLog should format phys messages 1`] = `
[
  "*Player 1* —Ä—É–±–∞–Ω—É–ª *Player 2* _–≠–ø–∏—á–µ—Å–∫–∏–º –ú–µ—á–æ–º_ –∏ –Ω–∞–Ω—ë—Å *10* —É—Ä–æ–Ω–∞
\\[ üíî-10/90 üìñ25 ]",
  "*Player 1* –∞—Ç–∞–∫–æ–≤–∞–ª *Player 2* _–≠–ø–∏—á–µ—Å–∫–∏–º –ú–µ—á–æ–º_, –Ω–æ —Ç–æ—Ç —Å–º–æ–≥ –∑–∞—â–∏—Ç–∏—Ç—å—Å—è \\[]",
]
`;

exports[`BattleLog should format skill messages 1`] = `
[
  "*Player 1* –∏—Å–ø–æ–ª—å–∑–æ–≤–∞–ª _Skill_ –Ω–∞ *Player 2*
\\[ üìñ25 ]",
  "*Player 1* –ø—ã—Ç–∞–ª—Å—è –∏—Å–ø–æ–ª—å–∑–æ–≤–∞—Ç—å —É–º–µ–Ω–∏–µ _Skill_, –Ω–æ —É –Ω–µ–≥–æ –Ω–µ –≤—ã—à–ª–æ",
]
`;

exports[`BattleLog should use custom message 1`] = `
[
  "custom Initiator|Target|Skill|skill
\\[ üìñ10 ]",
]
`;
