// Jest Snapshot v1, https://goo.gl/fbAQLP

exports[`magicWall initiator should be blinded by eclipse 1`] = `147.01`;

exports[`magicWall initiator should be blinded by eclipse 2`] = `
"*asperiores* –∏—Å–ø–æ–ª—å–∑–æ–≤–∞–ª _–ú–∞–≥–∏—á–µ—Å–∫–∞—è —Å—Ç–µ–Ω–∞_ –Ω–∞ *alias* —Å —ç—Ñ—Ñ–µ–∫—Ç–æ–º 140.21
\\[ üìñ14 ]
*alias* –ø—ã—Ç–∞–ª—Å—è –∞—Ç–∞–∫–æ–≤–∞—Ç—å *asperiores*, –Ω–æ —É –Ω–µ–≥–æ –Ω–µ –ø–æ–ª—É—á–∏–ª–æ—Å—å
_–ú–∞–≥–∏—á–µ—Å–∫–∞—è —Å—Ç–µ–Ω–∞_ *asperiores*"
`;
