// Jest Snapshot v1, https://goo.gl/fbAQLP

exports[`paralysis initiator should be blinded by eclipse 1`] = `
"*asperiores* –∏—Å–ø–æ–ª—å–∑–æ–≤–∞–ª _–ü–∞—Ä–∞–ª–∏—á_ –Ω–∞ *asperiores* —Å —ç—Ñ—Ñ–µ–∫—Ç–æ–º 0
\\[ üìñ80 ]
*alias* –ø—ã—Ç–∞–ª—Å—è –∞—Ç–∞–∫–æ–≤–∞—Ç—å *asperiores*, –Ω–æ —É –Ω–µ–≥–æ –Ω–µ –ø–æ–ª—É—á–∏–ª–æ—Å—å
_–ü–∞—Ä–∞–ª–∏—á_ *asperiores*"
`;
