// Jest Snapshot v1, https://goo.gl/fbAQLP

exports[`paralysis target should sleep and not be able to attack 1`] = `
"*asperiores* –∏—Å–ø–æ–ª—å–∑–æ–≤–∞–ª _–í—Ç–æ—Ä–∞—è –∂–∏–∑–Ω—å_ –Ω–∞ *asperiores* —Å —ç—Ñ—Ñ–µ–∫—Ç–æ–º 10
\\[ üìñ80 ]"
`;
